******************************************************************************
                  MSP430 Linker Unix v4.2.1                    
******************************************************************************
>> Linked Wed Oct 30 21:39:20 2013

OUTPUT FILE NAME:   <Temp_Sens.out>
ENTRY POINT SYMBOL: "_c_int00"  address: 0000f778


MEMORY CONFIGURATION

         name            origin    length      used     unused   attr    fill
----------------------  --------  ---------  --------  --------  ----  --------
  SFR                   00000000   00000010  00000000  00000010  RWIX
  PERIPHERALS_8BIT      00000010   000000f0  00000000  000000f0  RWIX
  PERIPHERALS_16BIT     00000100   00000100  00000000  00000100  RWIX
  RAM                   00000200   00000100  0000005c  000000a4  RWIX
  INFOD                 00001000   00000040  00000000  00000040  RWIX
  INFOC                 00001040   00000040  00000000  00000040  RWIX
  INFOB                 00001080   00000040  00000000  00000040  RWIX
  INFOA                 000010c0   00000040  00000000  00000040  RWIX
  FLASH                 0000f000   00000fe0  00000892  0000074e  RWIX
  INT00                 0000ffe0   00000002  00000000  00000002  RWIX
  INT01                 0000ffe2   00000002  00000000  00000002  RWIX
  INT02                 0000ffe4   00000002  00000002  00000000  RWIX
  INT03                 0000ffe6   00000002  00000002  00000000  RWIX
  INT04                 0000ffe8   00000002  00000000  00000002  RWIX
  INT05                 0000ffea   00000002  00000002  00000000  RWIX
  INT06                 0000ffec   00000002  00000002  00000000  RWIX
  INT07                 0000ffee   00000002  00000002  00000000  RWIX
  INT08                 0000fff0   00000002  00000002  00000000  RWIX
  INT09                 0000fff2   00000002  00000002  00000000  RWIX
  INT10                 0000fff4   00000002  00000002  00000000  RWIX
  INT11                 0000fff6   00000002  00000000  00000002  RWIX
  INT12                 0000fff8   00000002  00000002  00000000  RWIX
  INT13                 0000fffa   00000002  00000002  00000000  RWIX
  INT14                 0000fffc   00000002  00000002  00000000  RWIX
  RESET                 0000fffe   00000002  00000002  00000000  RWIX


SECTION ALLOCATION MAP

 output                                  attributes/
section   page    origin      length       input sections
--------  ----  ----------  ----------   ----------------
.init_array 
*          0    0000f000    00000000     UNINITIALIZED

.bss       0    00000200    0000000a     UNINITIALIZED
                  00000200    0000000a     (.common:ow)

.TI.noinit 
*          0    00000200    00000000     UNINITIALIZED

.data      0    0000020a    00000002     UNINITIALIZED
                  0000020a    00000002     libtemp.lib : ds18b20.obj (.data)

.TI.persistent 
*          0    0000020a    00000000     UNINITIALIZED

.stack     0    000002b0    00000050     UNINITIALIZED
                  000002b0    00000002     rts430_eabi.lib : boot.obj (.stack)
                  000002b2    0000004e     --HOLE--

.text      0    0000f000    0000086a     
                  0000f000    000000aa     liblcd.lib : lcd20.obj (.text:lcdinit)
                  0000f0aa    000000a2                : lcd20.obj (.text:integerToLcd)
                  0000f14c    0000008c     libtemp.lib : ds18b20.obj (.text:delay_temp_read)
                  0000f1d8    0000006e     liblcd.lib : lcd20.obj (.text:lcdData)
                  0000f246    0000006e                : lcd20.obj (.text:lcdcmd)
                  0000f2b4    0000006e     main.obj (.text:main)
                  0000f322    0000005e     rts430_eabi.lib : copy_decompress_rle.obj (.text:__TI_decompress_rle_core)
                  0000f380    0000005e                     : autoinit.obj (.text:_auto_init)
                  0000f3de    0000005a     lib1wire.lib : onewire.obj (.text:onewire_write_bit)
                  0000f438    00000056     liblcd.lib : lcd20.obj (.text:dec2ToLcd)
                  0000f48e    00000056     lib1wire.lib : onewire.obj (.text:onewire_reset)
                  0000f4e4    0000004a                  : onewire.obj (.text:onewire_read_bit)
                  0000f52e    00000040     libtemp.lib : ds18b20.obj (.text:read_scratchpad)
                  0000f56e    00000040                 : ds18b20.obj (.text:set_precision)
                  0000f5ae    0000003e                 : ds18b20.obj (.text:write_scratchpad)
                  0000f5ec    0000002c     rts430_eabi.lib : asr16.obj (.text)
                  0000f618    0000002c                     : div16s.obj (.text)
                  0000f644    0000002c                     : lsl16.obj (.text)
                  0000f670    0000002a     liblcd.lib : lcd20.obj (.text:waitlcd)
                  0000f69a    00000028     libtemp.lib : ds18b20.obj (.text:start_conversion)
                  0000f6c2    00000020     lib1wire.lib : onewire.obj (.text:onewire_read_byte)
                  0000f6e2    00000020     libtemp.lib : ds18b20.obj (.text:temp_init)
                  0000f702    0000001e     lib1wire.lib : onewire.obj (.text:onewire_line_high)
                  0000f720    0000001e                  : onewire.obj (.text:onewire_line_low)
                  0000f73e    0000001e                  : onewire.obj (.text:onewire_line_release)
                  0000f75c    0000001c     libtemp.lib : ds18b20.obj (.text:get_temp)
                  0000f778    0000001a     rts430_eabi.lib : boot.obj (.text:_c_int00_noexit)
                  0000f792    0000001a     liblcd.lib : lcd20.obj (.text:gotoXy)
                  0000f7ac    0000001a     lib1wire.lib : onewire.obj (.text:onewire_write_byte)
                  0000f7c6    00000016     rts430_eabi.lib : div16u.obj (.text)
                  0000f7dc    00000014                     : copy_zero_init.obj (.text:decompress:ZI:__TI_zero_init)
                  0000f7f0    00000014                     : mult16.obj (.text)
                  0000f804    00000012                     : copy_decompress_none.obj (.text:decompress:none:__TI_decompress_none)
                  0000f816    00000012                     : memcpy.obj (.text:memcpy)
                  0000f828    00000012     liblcd.lib : lcd20.obj (.text:prints)
                  0000f83a    00000010     rts430_eabi.lib : epilog.obj (.text)
                  0000f84a    0000000c     libtemp.lib : ds18b20.obj (.text:read_temp)
                  0000f856    00000006     rts430_eabi.lib : isr_trap.obj (.text:__TI_ISR_TRAP)
                  0000f85c    00000006                     : copy_decompress_rle.obj (.text:decompress:rle24:__TI_decompress_rle24)
                  0000f862    00000004                     : pre_init.obj (.text:_system_pre_init)
                  0000f866    00000004                     : exit.obj (.text:abort)

.const     0    0000f86a    00000010     
                  0000f86a    00000010     main.obj (.const:.string)

.cinit     0    0000f87a    00000018     
                  0000f87a    00000006     (.cinit..data.load) [load image]
                  0000f880    00000006     (__TI_handler_table)
                  0000f886    00000004     (.cinit..bss.load) [load image, compression = zero_init]
                  0000f88a    00000008     (__TI_cinit_table)

PORT1      0    0000ffe4    00000002     
                  0000ffe4    00000002     rts430_eabi.lib : int02.obj (.int02)

PORT2      0    0000ffe6    00000002     
                  0000ffe6    00000002     rts430_eabi.lib : int03.obj (.int03)

ADC10      0    0000ffea    00000002     
                  0000ffea    00000002     rts430_eabi.lib : int05.obj (.int05)

USCIAB0TX 
*          0    0000ffec    00000002     
                  0000ffec    00000002     rts430_eabi.lib : int06.obj (.int06)

USCIAB0RX 
*          0    0000ffee    00000002     
                  0000ffee    00000002     rts430_eabi.lib : int07.obj (.int07)

TIMER0_A1 
*          0    0000fff0    00000002     
                  0000fff0    00000002     rts430_eabi.lib : int08.obj (.int08)

TIMER0_A0 
*          0    0000fff2    00000002     
                  0000fff2    00000002     rts430_eabi.lib : int09.obj (.int09)

WDT        0    0000fff4    00000002     
                  0000fff4    00000002     rts430_eabi.lib : int10.obj (.int10)

TIMER1_A1 
*          0    0000fff8    00000002     
                  0000fff8    00000002     rts430_eabi.lib : int12.obj (.int12)

TIMER1_A0 
*          0    0000fffa    00000002     
                  0000fffa    00000002     rts430_eabi.lib : int13.obj (.int13)

NMI        0    0000fffc    00000002     
                  0000fffc    00000002     rts430_eabi.lib : int14.obj (.int14)

.reset     0    0000fffe    00000002     
                  0000fffe    00000002     rts430_eabi.lib : boot.obj (.reset)


LINKER GENERATED COPY TABLES

__TI_cinit_table @ 0000f88a records: 2, size/record: 4, table size: 8
	.data: load addr=0000f87a, load size=00000006 bytes, run addr=0000020a, run size=00000002 bytes, compression=copy
	.bss: load addr=0000f886, load size=00000004 bytes, run addr=00000200, run size=0000000a bytes, compression=zero_init


LINKER GENERATED HANDLER TABLE

__TI_handler_table @ 0000f880 records: 3, size/record: 2, table size: 6
	index: 0, handler: __TI_zero_init
	index: 1, handler: __TI_decompress_rle24
	index: 2, handler: __TI_decompress_none


GLOBAL SYMBOLS: SORTED ALPHABETICALLY BY Name 

address    name
--------   ----
0000004a   ADC10AE0
000001b0   ADC10CTL0
000001b2   ADC10CTL1
00000048   ADC10DTC0
00000049   ADC10DTC1
000001b4   ADC10MEM
000001bc   ADC10SA
00000057   BCSCTL1
00000058   BCSCTL2
00000053   BCSCTL3
0000f866   C$$EXIT
000010fb   CALBC1_12MHZ
000010f9   CALBC1_16MHZ
000010ff   CALBC1_1MHZ
000010fd   CALBC1_8MHZ
000010fa   CALDCO_12MHZ
000010f8   CALDCO_16MHZ
000010fe   CALDCO_1MHZ
000010fc   CALDCO_8MHZ
00000056   DCOCTL
00000128   FCTL1
0000012a   FCTL2
0000012c   FCTL3
00000000   IE1
00000001   IE2
00000002   IFG1
00000003   IFG2
00000022   P1DIR
00000025   P1IE
00000024   P1IES
00000023   P1IFG
00000020   P1IN
00000021   P1OUT
00000027   P1REN
00000026   P1SEL
00000041   P1SEL2
0000002a   P2DIR
0000002d   P2IE
0000002c   P2IES
0000002b   P2IFG
00000028   P2IN
00000029   P2OUT
0000002f   P2REN
0000002e   P2SEL
00000042   P2SEL2
0000001a   P3DIR
00000018   P3IN
00000019   P3OUT
00000010   P3REN
0000001b   P3SEL
00000043   P3SEL2
00000172   TA0CCR0
00000174   TA0CCR1
00000176   TA0CCR2
00000162   TA0CCTL0
00000164   TA0CCTL1
00000166   TA0CCTL2
00000160   TA0CTL
0000012e   TA0IV
00000170   TA0R
00000192   TA1CCR0
00000194   TA1CCR1
00000196   TA1CCR2
00000182   TA1CCTL0
00000184   TA1CCTL1
00000186   TA1CCTL2
00000180   TA1CTL
0000011e   TA1IV
00000190   TA1R
0000005d   UCA0ABCTL
00000062   UCA0BR0
00000063   UCA0BR1
00000060   UCA0CTL0
00000061   UCA0CTL1
0000005f   UCA0IRRCTL
0000005e   UCA0IRTCTL
00000064   UCA0MCTL
00000066   UCA0RXBUF
00000065   UCA0STAT
00000067   UCA0TXBUF
0000006a   UCB0BR0
0000006b   UCB0BR1
00000068   UCB0CTL0
00000069   UCB0CTL1
0000006c   UCB0I2CIE
00000118   UCB0I2COA
0000011a   UCB0I2CSA
0000006e   UCB0RXBUF
0000006d   UCB0STAT
0000006f   UCB0TXBUF
00000120   WDTCTL
00000300   __STACK_END
00000050   __STACK_SIZE
0000f88a   __TI_CINIT_Base
0000f892   __TI_CINIT_Limit
0000f880   __TI_Handler_Table_Base
0000f886   __TI_Handler_Table_Limit
UNDEFED    __TI_INITARRAY_Base
UNDEFED    __TI_INITARRAY_Limit
0000f856   __TI_ISR_TRAP
00000001   __TI_args_main
0000f804   __TI_decompress_none
0000f85c   __TI_decompress_rle24
00000001   __TI_exit
0000ffe4   __TI_int02
0000ffe6   __TI_int03
0000ffea   __TI_int05
0000ffec   __TI_int06
0000ffee   __TI_int07
0000fff0   __TI_int08
0000fff2   __TI_int09
0000fff4   __TI_int10
0000fff8   __TI_int12
0000fffa   __TI_int13
0000fffc   __TI_int14
0000f7dc   __TI_zero_init
ffffffff   __binit__
ffffffff   __c_args__
0000f618   __mspabi_divi
0000f7c6   __mspabi_divu
0000f846   __mspabi_func_epilog_1
0000f844   __mspabi_func_epilog_2
0000f842   __mspabi_func_epilog_3
0000f840   __mspabi_func_epilog_4
0000f83e   __mspabi_func_epilog_5
0000f83c   __mspabi_func_epilog_6
0000f83a   __mspabi_func_epilog_7
0000f7f0   __mspabi_mpyi
0000f618   __mspabi_remi
0000f7c6   __mspabi_remu
0000f644   __mspabi_slli
0000f66c   __mspabi_slli_1
0000f65a   __mspabi_slli_10
0000f658   __mspabi_slli_11
0000f656   __mspabi_slli_12
0000f654   __mspabi_slli_13
0000f652   __mspabi_slli_14
0000f650   __mspabi_slli_15
0000f66a   __mspabi_slli_2
0000f668   __mspabi_slli_3
0000f666   __mspabi_slli_4
0000f664   __mspabi_slli_5
0000f662   __mspabi_slli_6
0000f660   __mspabi_slli_7
0000f65e   __mspabi_slli_8
0000f65c   __mspabi_slli_9
0000f5ec   __mspabi_srai
0000f614   __mspabi_srai_1
0000f602   __mspabi_srai_10
0000f600   __mspabi_srai_11
0000f5fe   __mspabi_srai_12
0000f5fc   __mspabi_srai_13
0000f5fa   __mspabi_srai_14
0000f5f8   __mspabi_srai_15
0000f612   __mspabi_srai_2
0000f610   __mspabi_srai_3
0000f60e   __mspabi_srai_4
0000f60c   __mspabi_srai_5
0000f60a   __mspabi_srai_6
0000f608   __mspabi_srai_7
0000f606   __mspabi_srai_8
0000f604   __mspabi_srai_9
0000f380   _auto_init
0000f778   _c_int00
0000f778   _c_int00_noexit
0000fffe   _reset_vector
000002b0   _stack
0000f862   _system_pre_init
0000f866   abort
ffffffff   binit
0000f438   dec2ToLcd
0000f14c   delay_temp_read
0000f75c   get_temp
0000f792   gotoXy
0000f0aa   integerToLcd
0000f1d8   lcdData
0000f246   lcdcmd
0000f000   lcdinit
0000f2b4   main
0000f816   memcpy
0000f702   onewire_line_high
0000f720   onewire_line_low
0000f73e   onewire_line_release
0000f4e4   onewire_read_bit
0000f6c2   onewire_read_byte
0000f48e   onewire_reset
0000f3de   onewire_write_bit
0000f7ac   onewire_write_byte
0000f828   prints
0000f52e   read_scratchpad
0000f84a   read_temp
0000f56e   set_precision
0000f69a   start_conversion
0000f6e2   temp_init
0000f670   waitlcd
0000f5ae   write_scratchpad


GLOBAL SYMBOLS: SORTED BY Symbol Address 

address    name
--------   ----
00000000   IE1
00000001   IE2
00000001   __TI_args_main
00000001   __TI_exit
00000002   IFG1
00000003   IFG2
00000010   P3REN
00000018   P3IN
00000019   P3OUT
0000001a   P3DIR
0000001b   P3SEL
00000020   P1IN
00000021   P1OUT
00000022   P1DIR
00000023   P1IFG
00000024   P1IES
00000025   P1IE
00000026   P1SEL
00000027   P1REN
00000028   P2IN
00000029   P2OUT
0000002a   P2DIR
0000002b   P2IFG
0000002c   P2IES
0000002d   P2IE
0000002e   P2SEL
0000002f   P2REN
00000041   P1SEL2
00000042   P2SEL2
00000043   P3SEL2
00000048   ADC10DTC0
00000049   ADC10DTC1
0000004a   ADC10AE0
00000050   __STACK_SIZE
00000053   BCSCTL3
00000056   DCOCTL
00000057   BCSCTL1
00000058   BCSCTL2
0000005d   UCA0ABCTL
0000005e   UCA0IRTCTL
0000005f   UCA0IRRCTL
00000060   UCA0CTL0
00000061   UCA0CTL1
00000062   UCA0BR0
00000063   UCA0BR1
00000064   UCA0MCTL
00000065   UCA0STAT
00000066   UCA0RXBUF
00000067   UCA0TXBUF
00000068   UCB0CTL0
00000069   UCB0CTL1
0000006a   UCB0BR0
0000006b   UCB0BR1
0000006c   UCB0I2CIE
0000006d   UCB0STAT
0000006e   UCB0RXBUF
0000006f   UCB0TXBUF
00000118   UCB0I2COA
0000011a   UCB0I2CSA
0000011e   TA1IV
00000120   WDTCTL
00000128   FCTL1
0000012a   FCTL2
0000012c   FCTL3
0000012e   TA0IV
00000160   TA0CTL
00000162   TA0CCTL0
00000164   TA0CCTL1
00000166   TA0CCTL2
00000170   TA0R
00000172   TA0CCR0
00000174   TA0CCR1
00000176   TA0CCR2
00000180   TA1CTL
00000182   TA1CCTL0
00000184   TA1CCTL1
00000186   TA1CCTL2
00000190   TA1R
00000192   TA1CCR0
00000194   TA1CCR1
00000196   TA1CCR2
000001b0   ADC10CTL0
000001b2   ADC10CTL1
000001b4   ADC10MEM
000001bc   ADC10SA
000002b0   _stack
00000300   __STACK_END
000010f8   CALDCO_16MHZ
000010f9   CALBC1_16MHZ
000010fa   CALDCO_12MHZ
000010fb   CALBC1_12MHZ
000010fc   CALDCO_8MHZ
000010fd   CALBC1_8MHZ
000010fe   CALDCO_1MHZ
000010ff   CALBC1_1MHZ
0000f000   lcdinit
0000f0aa   integerToLcd
0000f14c   delay_temp_read
0000f1d8   lcdData
0000f246   lcdcmd
0000f2b4   main
0000f380   _auto_init
0000f3de   onewire_write_bit
0000f438   dec2ToLcd
0000f48e   onewire_reset
0000f4e4   onewire_read_bit
0000f52e   read_scratchpad
0000f56e   set_precision
0000f5ae   write_scratchpad
0000f5ec   __mspabi_srai
0000f5f8   __mspabi_srai_15
0000f5fa   __mspabi_srai_14
0000f5fc   __mspabi_srai_13
0000f5fe   __mspabi_srai_12
0000f600   __mspabi_srai_11
0000f602   __mspabi_srai_10
0000f604   __mspabi_srai_9
0000f606   __mspabi_srai_8
0000f608   __mspabi_srai_7
0000f60a   __mspabi_srai_6
0000f60c   __mspabi_srai_5
0000f60e   __mspabi_srai_4
0000f610   __mspabi_srai_3
0000f612   __mspabi_srai_2
0000f614   __mspabi_srai_1
0000f618   __mspabi_divi
0000f618   __mspabi_remi
0000f644   __mspabi_slli
0000f650   __mspabi_slli_15
0000f652   __mspabi_slli_14
0000f654   __mspabi_slli_13
0000f656   __mspabi_slli_12
0000f658   __mspabi_slli_11
0000f65a   __mspabi_slli_10
0000f65c   __mspabi_slli_9
0000f65e   __mspabi_slli_8
0000f660   __mspabi_slli_7
0000f662   __mspabi_slli_6
0000f664   __mspabi_slli_5
0000f666   __mspabi_slli_4
0000f668   __mspabi_slli_3
0000f66a   __mspabi_slli_2
0000f66c   __mspabi_slli_1
0000f670   waitlcd
0000f69a   start_conversion
0000f6c2   onewire_read_byte
0000f6e2   temp_init
0000f702   onewire_line_high
0000f720   onewire_line_low
0000f73e   onewire_line_release
0000f75c   get_temp
0000f778   _c_int00
0000f778   _c_int00_noexit
0000f792   gotoXy
0000f7ac   onewire_write_byte
0000f7c6   __mspabi_divu
0000f7c6   __mspabi_remu
0000f7dc   __TI_zero_init
0000f7f0   __mspabi_mpyi
0000f804   __TI_decompress_none
0000f816   memcpy
0000f828   prints
0000f83a   __mspabi_func_epilog_7
0000f83c   __mspabi_func_epilog_6
0000f83e   __mspabi_func_epilog_5
0000f840   __mspabi_func_epilog_4
0000f842   __mspabi_func_epilog_3
0000f844   __mspabi_func_epilog_2
0000f846   __mspabi_func_epilog_1
0000f84a   read_temp
0000f856   __TI_ISR_TRAP
0000f85c   __TI_decompress_rle24
0000f862   _system_pre_init
0000f866   C$$EXIT
0000f866   abort
0000f880   __TI_Handler_Table_Base
0000f886   __TI_Handler_Table_Limit
0000f88a   __TI_CINIT_Base
0000f892   __TI_CINIT_Limit
0000ffe4   __TI_int02
0000ffe6   __TI_int03
0000ffea   __TI_int05
0000ffec   __TI_int06
0000ffee   __TI_int07
0000fff0   __TI_int08
0000fff2   __TI_int09
0000fff4   __TI_int10
0000fff8   __TI_int12
0000fffa   __TI_int13
0000fffc   __TI_int14
0000fffe   _reset_vector
ffffffff   __binit__
ffffffff   __c_args__
ffffffff   binit
UNDEFED    __TI_INITARRAY_Base
UNDEFED    __TI_INITARRAY_Limit

[196 symbols]
